[2016-05-02 17:48:50] APNS Server Logger.WARNING: Foo [] []
[2016-05-02 17:48:50] APNS Server Logger.WARNING: Bar [] []
